Microchip MPLAB XC8 Compiler V2.50

Linker command line:

-W-3 --edf=J:\Microchip\xc8\v2.50\pic\dat\20240725155939_en.msgs -cn \
  -h+dist/default/production\LCD_16_2.X.production.sym \
  --cmf=dist/default/production\LCD_16_2.X.production.cmf -z -Q16F877A \
  -oC:\Users\Prasanna\AppData\Local\Temp\xcAs3pk.\driver_tmp_3.o \
  --defsym=__MPLAB_BUILD=1 --fixupoverflow=error \
  -Mdist/default/production/LCD_16_2.X.production.map \
  --md=C:\Users\Prasanna\AppData\Local\Temp\xcAs3pk.\driver_tmp_0.dat -E1 \
  -ver=XC8 Compiler --acfsm=1493 -ACODE=00h-07FFhx4 -ASTRCODE=00h-01FFFh \
  -ASTRING=00h-0FFhx32 -ACONST=00h-0FFhx32 -AENTRY=00h-0FFhx32 \
  -ACOMMON=070h-07Fh -ABANK0=020h-06Fh -ABANK1=0A0h-0EFh \
  -ABANK2=0110h-016Fh -ABANK3=0190h-01EFh \
  -ARAM=020h-06Fh,0A0h-0EFh,0110h-016Fh,0190h-01EFh \
  -AABS1=020h-07Fh,0A0h-0EFh,0110h-016Fh,0190h-01EFh -ASFR0=00h-01Fh \
  -ASFR1=080h-09Fh -ASFR2=0100h-010Fh -ASFR3=0180h-018Fh \
  -ACONFIG=02007h-02007h -DCONFIG=2 -AIDLOC=02000h-02003h -DIDLOC=2 \
  -AEEDATA=00h-0FFh/02100h -peeprom_data=EEDATA -DEEDATA=2 -DCODE=2 \
  -DSTRCODE=2 -DSTRING=2 -DCONST=2 -DENTRY=2 \
  -preset_vec=00h,intentry,sivt,init,end_init -ppowerup=CODE -pcinit=CODE \
  -pfunctab=ENTRY -k dist/default/production\startup.o \
  dist/default/production\LCD_16_2.X.production.o 

Object code version is 3.11

Machine type is 16F877A



                Name                               Link     Load   Length Selector   Space Scale
dist/default/production\startup.o
                end_init                              0        0        3        0       0
                config                             2007     2007        1        0       4
dist/default/production\LCD_16_2.X.production.o
                cinit                               7EC      7EC       14      FD8       0
                config                             2007     2007        1        0       4
                text12                              4B2      4B2       15      964       0
                text11                              4DC      4DC       19      9B8       0
                text10                              4C7      4C7       15      98E       0
                text9                               4F5      4F5       20      9EA       0
                text8                               609      609       63      C12       0
                text7                               5B2      5B2       57      B64       0
                text6                               4A1      4A1       11      942       0
                text5                               498      498        1      930       0
                text4                               66C      66C       9A      CD8       0
                text3                               706      706       E6      E0C       0
                text2                               538      538       25      A70       0
                text1                               515      515       23      A2A       0
                maintext                            55D      55D       55      ABA       0
                cstackBANK0                          20       20       31       20       1
                cstackCOMMON                         70       70        E       70       1
                clrtext                             499      499        8      932       0
                bssBANK1                             A0       A0       20       A0       1
                bssBANK0                             51       51        5       20       1
                strings                               3        3       10        6       0

TOTAL           Name                               Link     Load   Length     Space
        CLASS   CODE           
                end_init                              0        0        3         0
                cinit                               7EC      7EC       14         0
                text12                              4B2      4B2       15         0
                text11                              4DC      4DC       19         0
                text10                              4C7      4C7       15         0
                text9                               4F5      4F5       20         0
                text8                               609      609       63         0
                text7                               5B2      5B2       57         0
                text6                               4A1      4A1       11         0
                text5                               498      498        1         0
                text4                               66C      66C       9A         0
                text3                               706      706       E6         0
                text2                               538      538       25         0
                text1                               515      515       23         0
                maintext                            55D      55D       55         0
                clrtext                             499      499        8         0

        CLASS   STRCODE        

        CLASS   STRING         
                strings                               3        3       10         0

        CLASS   CONST          

        CLASS   ENTRY          

        CLASS   COMMON         
                cstackCOMMON                         70       70        E         1

        CLASS   BANK0          
                cstackBANK0                          20       20       31         1
                bssBANK0                             51       51        5         1

        CLASS   BANK1          
                bssBANK1                             A0       A0       20         1

        CLASS   BANK2          

        CLASS   BANK3          

        CLASS   RAM            

        CLASS   ABS1           
                abs_s1                               7E       7E        2         1

        CLASS   SFR0           

        CLASS   SFR1           

        CLASS   SFR2           

        CLASS   SFR3           

        CLASS   CONFIG         
                config                             2007     2007        1         4

        CLASS   IDLOC          

        CLASS   EEDATA         

        CLASS   HEAP           

        CLASS   STACK          



SEGMENTS        Name                           Load    Length   Top    Selector   Space  Class     Delta

                reset_vec                      000000  000003  000003         0       0  CODE        2
                strings                        000003  000010  000013         6       0  STRING      2
                cstackBANK0                    000020  000036  000056        20       1  BANK0       1
                cstackCOMMON                   000070  00000E  00007E        70       1  COMMON      1
                bssBANK1                       0000A0  000020  0000C0        A0       1  BANK1       1
                text5                          000498  000001  000499       930       0  CODE        2
                clrtext                        000499  000008  0004A1       932       0  CODE        2
                text6                          0004A1  000011  0004B2       942       0  CODE        2
                text12                         0004B2  000015  0004C7       964       0  CODE        2
                text10                         0004C7  000015  0004DC       98E       0  CODE        2
                text11                         0004DC  000019  0004F5       9B8       0  CODE        2
                text9                          0004F5  000020  000515       9EA       0  CODE        2
                text1                          000515  000023  000538       A2A       0  CODE        2
                text2                          000538  000025  00055D       A70       0  CODE        2
                maintext                       00055D  000055  0005B2       ABA       0  CODE        2
                text7                          0005B2  000057  000609       B64       0  CODE        2
                text8                          000609  000063  00066C       C12       0  CODE        2
                text4                          00066C  00009A  000706       CD8       0  CODE        2
                text3                          000706  0000E6  0007EC       E0C       0  CODE        2
                cinit                          0007EC  000014  000800       FD8       0  CODE        2


UNUSED ADDRESS RANGES

        Name                Unused          Largest block    Delta
        BANK0            0056-006F             1A           1
        BANK1            00C0-00EF             30           1
        BANK2            0110-016F             60           1
        BANK3            0190-01EF             60           1
        CODE             0013-0497            485           2
                         0800-1FFF            800
        CONST            0013-0497            100           2
                         0800-1FFF            100
        EEDATA           2100-21FF            100           2
        ENTRY            0013-0497            100           2
                         0800-1FFF            100
        IDLOC            2000-2003              4           2
        RAM              0056-006F             1A           1
                         00C0-00EF             30
                         0110-016F             60
                         0190-01EF             60
        SFR0             0000-001F             20           1
        SFR1             0080-009F             20           1
        SFR2             0100-010F             10           1
        SFR3             0180-018F             10           1
        STRCODE          0013-0497            485           2
                         0800-1FFF           1800
        STRING           0013-0497            100           2
                         0800-1FFF            100

                                  Symbol Table

?___awdiv                cstackCOMMON 0070
?___awmod                cstackCOMMON 0070
?_abs                    cstackCOMMON 0076
?_sprintf                cstackBANK0  0031
?_vfprintf               cstackBANK0  002D
_PORTBbits               (abs)        0006
_PORTC                   (abs)        0007
_TRISB                   (abs)        0086
_TRISC                   (abs)        0087
__H__absolute__          __absolute__ 0000
__Habs1                  abs1         0000
__Hbank0                 bank0        0000
__Hbank1                 bank1        0000
__Hbank2                 bank2        0000
__Hbank3                 bank3        0000
__HbssBANK0              bssBANK0     0000
__HbssBANK1              bssBANK1     0000
__Hcinit                 cinit        0800
__Hclrtext               clrtext      0000
__Hcode                  code         0000
__Hcommon                common       0000
__Hconfig                config       2008
__HcstackBANK0           cstackBANK0  0000
__HcstackCOMMON          cstackCOMMON 0000
__Heeprom_data           eeprom_data  0000
__Hend_init              end_init     0003
__Hfunctab               functab      0000
__Hheap                  heap         0000
__Hinit                  init         0000
__Hintentry              intentry     0000
__Hmaintext              maintext     0000
__Hpowerup               powerup      0000
__Hram                   ram          0000
__Hreset_vec             reset_vec    0000
__Hsfr0                  sfr0         0000
__Hsfr1                  sfr1         0000
__Hsfr2                  sfr2         0000
__Hsfr3                  sfr3         0000
__Hsivt                  sivt         0000
__Hspace_0               (abs)        0800
__Hspace_1               (abs)        00C0
__Hspace_2               (abs)        0000
__Hspace_3               (abs)        0000
__Hspace_4               (abs)        400F
__Hstack                 stack        0000
__Hstrings               strings      0000
__Htext                  text         0000
__L__absolute__          __absolute__ 0000
__Labs1                  abs1         0000
__Lbank0                 bank0        0000
__Lbank1                 bank1        0000
__Lbank2                 bank2        0000
__Lbank3                 bank3        0000
__LbssBANK0              bssBANK0     0000
__LbssBANK1              bssBANK1     0000
__Lcinit                 cinit        07EC
__Lclrtext               clrtext      0000
__Lcode                  code         0000
__Lcommon                common       0000
__Lconfig                config       0000
__LcstackBANK0           cstackBANK0  0000
__LcstackCOMMON          cstackCOMMON 0000
__Leeprom_data           eeprom_data  0000
__Lend_init              end_init     0000
__Lfunctab               functab      0000
__Lheap                  heap         0000
__Linit                  init         0000
__Lintentry              intentry     0000
__Lmaintext              maintext     0000
__Lpowerup               powerup      0000
__Lram                   ram          0000
__Lreset_vec             reset_vec    0000
__Lsfr0                  sfr0         0000
__Lsfr1                  sfr1         0000
__Lsfr2                  sfr2         0000
__Lsfr3                  sfr3         0000
__Lsivt                  sivt         0000
__Lspace_0               (abs)        0000
__Lspace_1               (abs)        0000
__Lspace_2               (abs)        0000
__Lspace_3               (abs)        0000
__Lspace_4               (abs)        0000
__Lstack                 stack        0000
__Lstrings               strings      0000
__Ltext                  text         0000
__S0                     (abs)        0800
__S1                     (abs)        00C0
__S3                     (abs)        0000
___awdiv                 text8        0609
___awdiv@counter         cstackCOMMON 0074
___awdiv@dividend        cstackCOMMON 0072
___awdiv@divisor         cstackCOMMON 0070
___awdiv@quotient        cstackCOMMON 0076
___awdiv@sign            cstackCOMMON 0075
___awmod                 text7        05B2
___awmod@counter         cstackCOMMON 0074
___awmod@dividend        cstackCOMMON 0072
___awmod@divisor         cstackCOMMON 0070
___awmod@sign            cstackCOMMON 0075
___heap_hi               (abs)        0000
___heap_lo               (abs)        0000
___int_sp                stack        0000
___int_stack_hi          stack        0000
___int_stack_lo          stack        0000
___latbits               (abs)        0002
___sp                    stack        0000
___stack_hi              stack        0000
___stack_lo              stack        0000
___stackhi               (abs)        0000
___stacklo               (abs)        0000
__end_of___awdiv         text8        066C
__end_of___awmod         text7        0609
__end_of__initialization cinit        07FC
__end_of__stringtab      strings      0009
__end_of_abs             text6        04B2
__end_of_fputc           text4        0706
__end_of_lcd_cmd         text12       04C7
__end_of_lcd_data        text10       04DC
__end_of_lcd_init        text11       04F5
__end_of_lcd_string      text9        0515
__end_of_main            maintext     05B2
__end_of_putch           text5        0499
__end_of_sprintf         text1        0538
__end_of_vfpfcnvrt       text3        07EC
__end_of_vfprintf        text2        055D
__initialization         cinit        07EC
__pbssBANK0              bssBANK0     0051
__pbssBANK1              bssBANK1     00A0
__pcstackBANK0           cstackBANK0  0020
__pcstackCOMMON          cstackCOMMON 0070
__pmaintext              maintext     055D
__pstrings               strings      0003
__ptext1                 text1        0515
__ptext10                text10       04C7
__ptext11                text11       04DC
__ptext12                text12       04B2
__ptext2                 text2        0538
__ptext3                 text3        0706
__ptext4                 text4        066C
__ptext5                 text5        0498
__ptext6                 text6        04A1
__ptext7                 text7        05B2
__ptext8                 text8        0609
__ptext9                 text9        04F5
__stringbase             strings      0008
__stringtab              strings      0003
_abs                     text6        04A1
_dbuf                    bssBANK1     00A0
_flags                   bssBANK0     0055
_fputc                   text4        066C
_lcd_cmd                 text12       04B2
_lcd_data                text10       04C7
_lcd_init                text11       04DC
_lcd_string              text9        04F5
_main                    maintext     055D
_prec                    bssBANK0     0053
_putch                   text5        0498
_sprintf                 text1        0515
_vfpfcnvrt               text3        0706
_vfprintf                text2        0538
_width                   bssBANK0     0051
abs@a                    cstackCOMMON 0076
btemp                    (abs)        007E
clear_ram0               clrtext      0499
end_of_initialization    cinit        07FC
fputc@c                  cstackCOMMON 0070
fputc@fp                 cstackCOMMON 0072
intlevel0                functab      0000
intlevel1                functab      0000
intlevel2                functab      0000
intlevel3                functab      0000
intlevel4                functab      0000
intlevel5                functab      0000
lcd_cmd@cmd              cstackCOMMON 0072
lcd_data@data            cstackCOMMON 0072
lcd_string@Num           cstackCOMMON 0074
lcd_string@i             cstackCOMMON 0077
lcd_string@str           cstackCOMMON 0073
main@P_Var               cstackBANK0  0045
main@i                   cstackBANK0  004F
reset_vec                reset_vec    0000
sprintf@ap               cstackBANK0  0036
sprintf@f                cstackBANK0  0037
sprintf@fmt              cstackBANK0  0032
sprintf@s                cstackBANK0  0031
start                    init         0000
start_initialization     cinit        07EC
vfpfcnvrt@ap             cstackBANK0  0023
vfpfcnvrt@c              cstackBANK0  002C
vfpfcnvrt@convarg        cstackBANK0  0028
vfpfcnvrt@cp             cstackBANK0  0027
vfpfcnvrt@done           cstackBANK0  0026
vfpfcnvrt@fmt            cstackBANK0  0022
vfpfcnvrt@fp             cstackBANK0  0020
vfprintf@ap              cstackBANK0  0030
vfprintf@cfmt            cstackCOMMON 007D
vfprintf@fmt             cstackBANK0  002F
vfprintf@fp              cstackBANK0  002D
wtemp0                   (abs)        007E


MODULE INFORMATION

Module		Function		Class		Link	Load	Size
J:\Microchip\xc8\v2.50\pic\sources\c99\common\nf_sprintf.c
		_sprintf       		CODE           	0515	0000	35

J:\Microchip\xc8\v2.50\pic\sources\c99\common\nf_sprintf.c estimated size: 35

J:\Microchip\xc8\v2.50\pic\sources\c99\common\awdiv.c
		___awdiv       		CODE           	0609	0000	99

J:\Microchip\xc8\v2.50\pic\sources\c99\common\awdiv.c estimated size: 99

J:\Microchip\xc8\v2.50\pic\sources\c99\common\doprnt.c
		_vfpfcnvrt     		CODE           	0706	0000	230
		_vfprintf      		CODE           	0538	0000	37

J:\Microchip\xc8\v2.50\pic\sources\c99\common\doprnt.c estimated size: 267

shared
		__stringtab    		STRING         	0003	0000	6
		__initialization		CODE           	07EC	0000	16

shared estimated size: 22

J:\Microchip\xc8\v2.50\pic\sources\c99\common\abs.c
		_abs           		CODE           	04A1	0000	17

J:\Microchip\xc8\v2.50\pic\sources\c99\common\abs.c estimated size: 17

J:\Microchip\xc8\v2.50\pic\sources\c99\common\nf_fputc.c
		_fputc         		CODE           	066C	0000	154

J:\Microchip\xc8\v2.50\pic\sources\c99\common\nf_fputc.c estimated size: 154

J:\Microchip\xc8\v2.50\pic\sources\c99\common\awmod.c
		___awmod       		CODE           	05B2	0000	87

J:\Microchip\xc8\v2.50\pic\sources\c99\common\awmod.c estimated size: 87

J:\Microchip\xc8\v2.50\pic\sources\c99\common\putch.c
		_putch         		CODE           	0498	0000	1

J:\Microchip\xc8\v2.50\pic\sources\c99\common\putch.c estimated size: 1

main.c
		_lcd_cmd       		CODE           	04B2	0000	21
		_lcd_data      		CODE           	04C7	0000	21
		_main          		CODE           	055D	0000	85
		_lcd_string    		CODE           	04F5	0000	32
		_lcd_init      		CODE           	04DC	0000	25

main.c estimated size: 184

