Microchip MPLAB XC8 Compiler V2.50

Linker command line:

-W-3 --edf=J:\Microchip\xc8\v2.50\pic\dat\20240725155939_en.msgs -cn \
  -h+dist/default/production\POT_ADC.X.production.sym \
  --cmf=dist/default/production\POT_ADC.X.production.cmf -z -Q16F877A \
  -oC:\Users\Prasanna\AppData\Local\Temp\xcAsjf4.\driver_tmp_3.o \
  --defsym=__MPLAB_BUILD=1 --fixupoverflow=error \
  -Mdist/default/production/POT_ADC.X.production.map \
  --md=C:\Users\Prasanna\AppData\Local\Temp\xcAsjf4.\driver_tmp_0.dat -E1 \
  -ver=XC8 Compiler --acfsm=1493 -ACODE=00h-07FFhx4 -ASTRCODE=00h-01FFFh \
  -ASTRING=00h-0FFhx32 -ACONST=00h-0FFhx32 -AENTRY=00h-0FFhx32 \
  -ACOMMON=070h-07Fh -ABANK0=020h-06Fh -ABANK1=0A0h-0EFh \
  -ABANK2=0110h-016Fh -ABANK3=0190h-01EFh \
  -ARAM=020h-06Fh,0A0h-0EFh,0110h-016Fh,0190h-01EFh \
  -AABS1=020h-07Fh,0A0h-0EFh,0110h-016Fh,0190h-01EFh -ASFR0=00h-01Fh \
  -ASFR1=080h-09Fh -ASFR2=0100h-010Fh -ASFR3=0180h-018Fh \
  -ACONFIG=02007h-02007h -DCONFIG=2 -AIDLOC=02000h-02003h -DIDLOC=2 \
  -AEEDATA=00h-0FFh/02100h -peeprom_data=EEDATA -DEEDATA=2 -DCODE=2 \
  -DSTRCODE=2 -DSTRING=2 -DCONST=2 -DENTRY=2 \
  -preset_vec=00h,intentry=04h,sivt,init,end_init -ppowerup=CODE \
  -pcinit=CODE -pfunctab=ENTRY -k \
  C:\Users\Prasanna\AppData\Local\Temp\xcAsjf4.\driver_tmp_13.o \
  dist/default/production\POT_ADC.X.production.o 

Object code version is 3.11

Machine type is 16F877A



                Name                               Link     Load   Length Selector   Space Scale
C:\Users\Prasanna\AppData\Local\Temp\xcAsjf4.\driver_tmp_13.o
                end_init                              E        E        3        8       0
                reset_vec                             0        0        3        0       0
                config                             2007     2007        1        0       4
dist/default/production\POT_ADC.X.production.o
                cinit                                11       11       16        8       0
                intentry                              4        4        A        8       0
                config                             2007     2007        1        0       4
                text7                               171      171       29        8       0
                text6                                F3       F3       44        8       0
                text5                               137      137       3A        8       0
                text4                               1EF      1EF       17        8       0
                text3                               1BF      1BF       19        8       0
                text2                               1D8      1D8       17        8       0
                text1                               19A      19A       25        8       0
                maintext                             27       27       CC        8       0
                cstackBANK0                          2C       2C        8       20       1
                cstackCOMMON                         70       70        5       70       1
                bssBANK0                             20       20        C       20       1
                bssCOMMON                            75       75        4       70       1
                strings                             206      206       12      40C       0

TOTAL           Name                               Link     Load   Length     Space
        CLASS   CODE           
                end_init                              E        E        3         0
                cinit                                11       11       16         0
                intentry                              4        4        A         0
                reset_vec                             0        0        3         0
                text7                               171      171       29         0
                text6                                F3       F3       44         0
                text5                               137      137       3A         0
                text4                               1EF      1EF       17         0
                text3                               1BF      1BF       19         0
                text2                               1D8      1D8       17         0
                text1                               19A      19A       25         0
                maintext                             27       27       CC         0

        CLASS   STRCODE        

        CLASS   STRING         
                strings                             206      206       12         0

        CLASS   CONST          

        CLASS   ENTRY          

        CLASS   COMMON         
                cstackCOMMON                         70       70        5         1
                bssCOMMON                            75       75        4         1

        CLASS   BANK0          
                cstackBANK0                          2C       2C        8         1
                bssBANK0                             20       20        C         1

        CLASS   BANK1          

        CLASS   BANK2          

        CLASS   BANK3          

        CLASS   RAM            

        CLASS   ABS1           
                abs_s1                               7E       7E        2         1

        CLASS   SFR0           

        CLASS   SFR1           

        CLASS   SFR2           

        CLASS   SFR3           

        CLASS   CONFIG         
                config                             2007     2007        1         4

        CLASS   IDLOC          

        CLASS   EEDATA         

        CLASS   HEAP           

        CLASS   STACK          



SEGMENTS        Name                           Load    Length   Top    Selector   Space  Class     Delta

                reset_vec                      000000  000003  000003         0       0  CODE        2
                intentry                       000004  000202  000206         8       0  CODE        2
                bssBANK0                       000020  000014  000034        20       1  BANK0       1
                cstackCOMMON                   000070  000009  000079        70       1  COMMON      1
                strings                        000206  000012  000218       40C       0  STRING      2


UNUSED ADDRESS RANGES

        Name                Unused          Largest block    Delta
        BANK0            0034-006F             3C           1
        BANK1            00A0-00EF             50           1
        BANK2            0110-016F             60           1
        BANK3            0190-01EF             60           1
        CODE             0003-0003              1           2
                         0218-1FFF            800
        COMMON           0079-007D              5           1
        CONST            0003-0003              1           2
                         0218-1FFF            100
        EEDATA           2100-21FF            100           2
        ENTRY            0003-0003              1           2
                         0218-1FFF            100
        IDLOC            2000-2003              4           2
        RAM              0034-006F             3C           1
                         00A0-00EF             50
                         0110-016F             60
                         0190-01EF             60
        SFR0             0000-001F             20           1
        SFR1             0080-009F             20           1
        SFR2             0100-010F             10           1
        SFR3             0180-018F             10           1
        STRCODE          0003-0003              1           2
                         0218-1FFF           1DE8
        STRING           0003-0003              1           2
                         0218-1FFF            100

                                  Symbol Table

?___lwdiv                   cstackBANK0  002C
?___lwmod                   cstackBANK0  002C
_ADCON0                     (abs)        001F
_ADCON1                     (abs)        009F
_ADRESH                     (abs)        001E
_ADRESL                     (abs)        009E
_INTCONbits                 (abs)        000B
_PIE1bits                   (abs)        008C
_PIR1bits                   (abs)        000C
_PORTBbits                  (abs)        0006
_PORTC                      (abs)        0007
_TRISB                      (abs)        0086
_TRISC                      (abs)        0087
__H__absolute__             __absolute__ 0000
__Habs1                     abs1         0000
__Hbank0                    bank0        0000
__Hbank1                    bank1        0000
__Hbank2                    bank2        0000
__Hbank3                    bank3        0000
__HbssBANK0                 bssBANK0     0000
__HbssCOMMON                bssCOMMON    0000
__Hcinit                    cinit        0027
__Hclrtext                  clrtext      0000
__Hcode                     code         0000
__Hcommon                   common       0000
__Hconfig                   config       2008
__HcstackBANK0              cstackBANK0  0000
__HcstackCOMMON             cstackCOMMON 0000
__Heeprom_data              eeprom_data  0000
__Hend_init                 end_init     0011
__Hfunctab                  functab      0000
__Hheap                     heap         0000
__Hinit                     init         000E
__Hintentry                 intentry     000E
__Hmaintext                 maintext     0000
__Hpowerup                  powerup      0000
__Hram                      ram          0000
__Hreset_vec                reset_vec    0003
__Hsfr0                     sfr0         0000
__Hsfr1                     sfr1         0000
__Hsfr2                     sfr2         0000
__Hsfr3                     sfr3         0000
__Hsivt                     sivt         000E
__Hspace_0                  (abs)        0218
__Hspace_1                  (abs)        0079
__Hspace_2                  (abs)        0000
__Hspace_3                  (abs)        0000
__Hspace_4                  (abs)        400F
__Hstack                    stack        0000
__Hstrings                  strings      0000
__Htext                     text         0000
__L__absolute__             __absolute__ 0000
__Labs1                     abs1         0000
__Lbank0                    bank0        0000
__Lbank1                    bank1        0000
__Lbank2                    bank2        0000
__Lbank3                    bank3        0000
__LbssBANK0                 bssBANK0     0000
__LbssCOMMON                bssCOMMON    0000
__Lcinit                    cinit        0011
__Lclrtext                  clrtext      0000
__Lcode                     code         0000
__Lcommon                   common       0000
__Lconfig                   config       0000
__LcstackBANK0              cstackBANK0  0000
__LcstackCOMMON             cstackCOMMON 0000
__Leeprom_data              eeprom_data  0000
__Lend_init                 end_init     000E
__Lfunctab                  functab      0000
__Lheap                     heap         0000
__Linit                     init         000E
__Lintentry                 intentry     0004
__Lmaintext                 maintext     0000
__Lpowerup                  powerup      0000
__Lram                      ram          0000
__Lreset_vec                reset_vec    0000
__Lsfr0                     sfr0         0000
__Lsfr1                     sfr1         0000
__Lsfr2                     sfr2         0000
__Lsfr3                     sfr3         0000
__Lsivt                     sivt         000E
__Lspace_0                  (abs)        0000
__Lspace_1                  (abs)        0000
__Lspace_2                  (abs)        0000
__Lspace_3                  (abs)        0000
__Lspace_4                  (abs)        0000
__Lstack                    stack        0000
__Lstrings                  strings      0000
__Ltext                     text         0000
__S0                        (abs)        0218
__S1                        (abs)        0079
__S3                        (abs)        0000
___heap_hi                  (abs)        0000
___heap_lo                  (abs)        0000
___int_sp                   stack        0000
___int_stack_hi             stack        0000
___int_stack_lo             stack        0000
___latbits                  (abs)        0002
___lwdiv                    text6        00F3
___lwdiv@counter            cstackBANK0  0030
___lwdiv@dividend           cstackBANK0  002E
___lwdiv@divisor            cstackBANK0  002C
___lwdiv@quotient           cstackBANK0  0031
___lwmod                    text5        0137
___lwmod@counter            cstackBANK0  0030
___lwmod@dividend           cstackBANK0  002E
___lwmod@divisor            cstackBANK0  002C
___sp                       stack        0000
___stack_hi                 stack        0000
___stack_lo                 stack        0000
___stackhi                  (abs)        0000
___stacklo                  (abs)        0000
__end_of___lwdiv            text6        0137
__end_of___lwmod            text5        0171
__end_of__initialization    cinit        0023
__end_of__stringtab         strings      020C
__end_of_lcd_cmd            text4        0206
__end_of_lcd_data           text2        01EF
__end_of_lcd_initialization text3        01D8
__end_of_lcd_string         text1        01BF
__end_of_main               maintext     00F3
__end_of_pot_val            text7        019A
__initialization            cinit        0011
__pbssBANK0                 bssBANK0     0020
__pbssCOMMON                bssCOMMON    0075
__pcstackBANK0              cstackBANK0  002C
__pcstackCOMMON             cstackCOMMON 0070
__pintentry                 intentry     0004
__pmaintext                 maintext     0027
__pstrings                  strings      0206
__ptext1                    text1        019A
__ptext2                    text2        01D8
__ptext3                    text3        01BF
__ptext4                    text4        01EF
__ptext5                    text5        0137
__ptext6                    text6        00F3
__ptext7                    text7        0171
__stringbase                strings      020B
__stringtab                 strings      0206
_a                          bssCOMMON    0075
_adc                        bssCOMMON    0077
_b                          bssBANK0     0028
_c                          bssBANK0     0026
_d                          bssBANK0     0024
_e                          bssBANK0     0022
_f                          bssBANK0     0020
_lcd_cmd                    text4        01EF
_lcd_data                   text2        01D8
_lcd_initialization         text3        01BF
_lcd_string                 text1        019A
_main                       maintext     0027
_pot_val                    text7        0171
btemp                       (abs)        007E
end_of_initialization       cinit        0023
interrupt_function          intentry     0004
intlevel0                   functab      0000
intlevel1                   functab      0000
intlevel2                   functab      0000
intlevel3                   functab      0000
intlevel4                   functab      0000
intlevel5                   functab      0000
lcd_cmd@cmd                 cstackBANK0  002E
lcd_data@data               cstackBANK0  002E
lcd_string@i                cstackBANK0  0032
lcd_string@n                cstackBANK0  0030
lcd_string@str              cstackBANK0  002F
reset_vec                   reset_vec    0000
saved_w                     (abs)        007E
start                       init         000E
start_initialization        cinit        0011
wtemp0                      (abs)        007E


MODULE INFORMATION

Module		Function		Class		Link	Load	Size
J:\Microchip\xc8\v2.50\pic\sources\c90\common\lwdiv.c
		___lwdiv       		CODE           	00F3	0000	68

J:\Microchip\xc8\v2.50\pic\sources\c90\common\lwdiv.c estimated size: 68

shared
		__stringtab    		STRING         	0206	0000	6
		__initialization		CODE           	0011	0000	18

shared estimated size: 24

main.c
		_lcd_cmd       		CODE           	01EF	0000	23
		_lcd_data      		CODE           	01D8	0000	23
		_main          		CODE           	0027	0000	204
		_lcd_initialization		CODE           	01BF	0000	25
		_pot_val       		CODE           	0171	0000	41
		_lcd_string    		CODE           	019A	0000	37

main.c estimated size: 353

J:\Microchip\xc8\v2.50\pic\sources\c90\common\lwmod.c
		___lwmod       		CODE           	0137	0000	58

J:\Microchip\xc8\v2.50\pic\sources\c90\common\lwmod.c estimated size: 58

