Microchip MPLAB XC8 Compiler V2.50

Linker command line:

-W-3 --edf=J:\Microchip\xc8\v2.50\pic\dat\20240725155939_en.msgs -cn \
  -h+dist/default/production\7_Seg_Timer_Int.X.production.sym \
  --cmf=dist/default/production\7_Seg_Timer_Int.X.production.cmf -z \
  -Q16F877A -oC:\Users\Prasanna\AppData\Local\Temp\xcAsd0c.\driver_tmp_3.o \
  --defsym=__MPLAB_BUILD=1 --fixupoverflow=error \
  -Mdist/default/production/7_Seg_Timer_Int.X.production.map \
  --md=C:\Users\Prasanna\AppData\Local\Temp\xcAsd0c.\driver_tmp_0.dat -E1 \
  -ver=XC8 Compiler --acfsm=1493 -ACODE=00h-07FFhx4 -ASTRCODE=00h-01FFFh \
  -ASTRING=00h-0FFhx32 -ACONST=00h-0FFhx32 -AENTRY=00h-0FFhx32 \
  -ACOMMON=070h-07Fh -ABANK0=020h-06Fh -ABANK1=0A0h-0EFh \
  -ABANK2=0110h-016Fh -ABANK3=0190h-01EFh \
  -ARAM=020h-06Fh,0A0h-0EFh,0110h-016Fh,0190h-01EFh \
  -AABS1=020h-07Fh,0A0h-0EFh,0110h-016Fh,0190h-01EFh -ASFR0=00h-01Fh \
  -ASFR1=080h-09Fh -ASFR2=0100h-010Fh -ASFR3=0180h-018Fh \
  -ACONFIG=02007h-02007h -DCONFIG=2 -AIDLOC=02000h-02003h -DIDLOC=2 \
  -AEEDATA=00h-0FFh/02100h -peeprom_data=EEDATA -DEEDATA=2 -DCODE=2 \
  -DSTRCODE=2 -DSTRING=2 -DCONST=2 -DENTRY=2 \
  -preset_vec=00h,intentry=04h,sivt,init,end_init -ppowerup=CODE \
  -pcinit=CODE -pfunctab=ENTRY -k \
  C:\Users\Prasanna\AppData\Local\Temp\xcAsd0c.\driver_tmp_12.o \
  dist/default/production\7_Seg_Timer_Int.X.production.o 

Object code version is 3.11

Machine type is 16F877A



                Name                               Link     Load   Length Selector   Space Scale
C:\Users\Prasanna\AppData\Local\Temp\xcAsd0c.\driver_tmp_12.o
                end_init                              E        E        3        8       0
                reset_vec                             0        0        3        0       0
                config                             2007     2007        1        0       4
dist/default/production\7_Seg_Timer_Int.X.production.o
                cinit                                11       11       1A        8       0
                intentry                              4        4        A        8       0
                config                             2007     2007        1        0       4
                text3                                BE       BE       5B        8       0
                text2                               119      119       44        8       0
                text1                               15D      15D       3A        8       0
                maintext                             2B       2B       93        8       0
                cstackBANK0                          2A       2A        A       20       1
                cstackCOMMON                         70       70        8       70       1
                inittext                            197      197       13        8       0
                dataBANK0                            20       20        A       20       1
                bssBANK0                             34       34        6       20       1
                bssCOMMON                            78       78        2       70       1
                idataBANK0                          1AA      1AA        A        8       0

TOTAL           Name                               Link     Load   Length     Space
        CLASS   CODE           
                end_init                              E        E        3         0
                cinit                                11       11       1A         0
                intentry                              4        4        A         0
                reset_vec                             0        0        3         0
                text3                                BE       BE       5B         0
                text2                               119      119       44         0
                text1                               15D      15D       3A         0
                maintext                             2B       2B       93         0
                inittext                            197      197       13         0
                idataBANK0                          1AA      1AA        A         0

        CLASS   STRCODE        

        CLASS   STRING         

        CLASS   CONST          

        CLASS   ENTRY          

        CLASS   COMMON         
                cstackCOMMON                         70       70        8         1
                bssCOMMON                            78       78        2         1

        CLASS   BANK0          
                cstackBANK0                          2A       2A        A         1
                dataBANK0                            20       20        A         1
                bssBANK0                             34       34        6         1

        CLASS   BANK1          

        CLASS   BANK2          

        CLASS   BANK3          

        CLASS   RAM            

        CLASS   ABS1           
                abs_s1                               7E       7E        2         1

        CLASS   SFR0           

        CLASS   SFR1           

        CLASS   SFR2           

        CLASS   SFR3           

        CLASS   CONFIG         
                config                             2007     2007        1         4

        CLASS   IDLOC          

        CLASS   EEDATA         

        CLASS   HEAP           

        CLASS   STACK          



SEGMENTS        Name                           Load    Length   Top    Selector   Space  Class     Delta

                reset_vec                      000000  000003  000003         0       0  CODE        2
                intentry                       000004  0001B0  0001B4         8       0  CODE        2
                dataBANK0                      000020  00001A  00003A        20       1  BANK0       1
                cstackCOMMON                   000070  00000A  00007A        70       1  COMMON      1


UNUSED ADDRESS RANGES

        Name                Unused          Largest block    Delta
        BANK0            003A-006F             36           1
        BANK1            00A0-00EF             50           1
        BANK2            0110-016F             60           1
        BANK3            0190-01EF             60           1
        CODE             0003-0003              1           2
                         01B4-1FFF            800
        COMMON           007A-007D              4           1
        CONST            0003-0003              1           2
                         01B4-1FFF            100
        EEDATA           2100-21FF            100           2
        ENTRY            0003-0003              1           2
                         01B4-1FFF            100
        IDLOC            2000-2003              4           2
        RAM              003A-006F             36           1
                         00A0-00EF             50
                         0110-016F             60
                         0190-01EF             60
        SFR0             0000-001F             20           1
        SFR1             0080-009F             20           1
        SFR2             0100-010F             10           1
        SFR3             0180-018F             10           1
        STRCODE          0003-0003              1           2
                         01B4-1FFF           1E4C
        STRING           0003-0003              1           2
                         01B4-1FFF            100

                                  Symbol Table

?___lwdiv                cstackCOMMON 0073
?___lwmod                cstackBANK0  002D
_INTCONbits              (abs)        000B
_Number                  bssCOMMON    0078
_OPTION_REG              (abs)        0081
_PORTB                   (abs)        0006
_PORTC                   (abs)        0007
_TMR0                    (abs)        0001
_TRISB                   (abs)        0086
_TRISC                   (abs)        0087
__H__absolute__          __absolute__ 0000
__Habs1                  abs1         0000
__Hbank0                 bank0        0000
__Hbank1                 bank1        0000
__Hbank2                 bank2        0000
__Hbank3                 bank3        0000
__HbssBANK0              bssBANK0     0000
__HbssCOMMON             bssCOMMON    0000
__Hcinit                 cinit        002B
__Hclrtext               clrtext      0000
__Hcode                  code         0000
__Hcommon                common       0000
__Hconfig                config       2008
__HcstackBANK0           cstackBANK0  0000
__HcstackCOMMON          cstackCOMMON 0000
__HdataBANK0             dataBANK0    0000
__Heeprom_data           eeprom_data  0000
__Hend_init              end_init     0011
__Hfunctab               functab      0000
__Hheap                  heap         0000
__HidataBANK0            idataBANK0   0000
__Hinit                  init         000E
__Hinittext              inittext     0000
__Hintentry              intentry     000E
__Hmaintext              maintext     0000
__Hpowerup               powerup      0000
__Hram                   ram          0000
__Hreset_vec             reset_vec    0003
__Hsfr0                  sfr0         0000
__Hsfr1                  sfr1         0000
__Hsfr2                  sfr2         0000
__Hsfr3                  sfr3         0000
__Hsivt                  sivt         000E
__Hspace_0               (abs)        01B4
__Hspace_1               (abs)        007A
__Hspace_2               (abs)        0000
__Hspace_3               (abs)        0000
__Hspace_4               (abs)        400F
__Hstack                 stack        0000
__Hstrings               strings      0000
__Htext                  text         0000
__L__absolute__          __absolute__ 0000
__Labs1                  abs1         0000
__Lbank0                 bank0        0000
__Lbank1                 bank1        0000
__Lbank2                 bank2        0000
__Lbank3                 bank3        0000
__LbssBANK0              bssBANK0     0000
__LbssCOMMON             bssCOMMON    0000
__Lcinit                 cinit        0011
__Lclrtext               clrtext      0000
__Lcode                  code         0000
__Lcommon                common       0000
__Lconfig                config       0000
__LcstackBANK0           cstackBANK0  0000
__LcstackCOMMON          cstackCOMMON 0000
__LdataBANK0             dataBANK0    0000
__Leeprom_data           eeprom_data  0000
__Lend_init              end_init     000E
__Lfunctab               functab      0000
__Lheap                  heap         0000
__LidataBANK0            idataBANK0   0000
__Linit                  init         000E
__Linittext              inittext     0000
__Lintentry              intentry     0004
__Lmaintext              maintext     0000
__Lpowerup               powerup      0000
__Lram                   ram          0000
__Lreset_vec             reset_vec    0000
__Lsfr0                  sfr0         0000
__Lsfr1                  sfr1         0000
__Lsfr2                  sfr2         0000
__Lsfr3                  sfr3         0000
__Lsivt                  sivt         000E
__Lspace_0               (abs)        0000
__Lspace_1               (abs)        0000
__Lspace_2               (abs)        0000
__Lspace_3               (abs)        0000
__Lspace_4               (abs)        0000
__Lstack                 stack        0000
__Lstrings               strings      0000
__Ltext                  text         0000
__S0                     (abs)        01B4
__S1                     (abs)        007A
__S3                     (abs)        0000
___heap_hi               (abs)        0000
___heap_lo               (abs)        0000
___int_sp                stack        0000
___int_stack_hi          stack        0000
___int_stack_lo          stack        0000
___latbits               (abs)        0002
___lwdiv                 text2        0119
___lwdiv@counter         cstackBANK0  002A
___lwdiv@dividend        cstackCOMMON 0075
___lwdiv@divisor         cstackCOMMON 0073
___lwdiv@quotient        cstackBANK0  002B
___lwmod                 text1        015D
___lwmod@counter         cstackCOMMON 0077
___lwmod@dividend        cstackBANK0  002F
___lwmod@divisor         cstackBANK0  002D
___sp                    stack        0000
___stack_hi              stack        0000
___stack_lo              stack        0000
___stackhi               (abs)        0000
___stacklo               (abs)        0000
__end_of___lwdiv         text2        015D
__end_of___lwmod         text1        0197
__end_of__initialization cinit        0027
__end_of_main            maintext     00BE
__end_of_sev_seg         text3        0119
__initialization         cinit        0011
__pbssBANK0              bssBANK0     0034
__pbssCOMMON             bssCOMMON    0078
__pcstackBANK0           cstackBANK0  002A
__pcstackCOMMON          cstackCOMMON 0070
__pdataBANK0             dataBANK0    0020
__pidataBANK0            idataBANK0   01AA
__pintentry              intentry     0004
__pmaintext              maintext     002B
__ptext1                 text1        015D
__ptext2                 text2        0119
__ptext3                 text3        00BE
_digit                   bssBANK0     0034
_main                    maintext     002B
_seg                     dataBANK0    0020
_sev_seg                 text3        00BE
_timer_count             bssBANK0     0038
btemp                    (abs)        007E
end_of_initialization    cinit        0027
init_fetch0              inittext     0197
init_ram0                inittext     019B
interrupt_function       intentry     0004
intlevel0                functab      0000
intlevel1                functab      0000
intlevel2                functab      0000
intlevel3                functab      0000
intlevel4                functab      0000
intlevel5                functab      0000
reset_vec                reset_vec    0000
saved_w                  (abs)        007E
start                    init         000E
start_initialization     cinit        0011
wtemp0                   (abs)        007E


MODULE INFORMATION

Module		Function		Class		Link	Load	Size
J:\Microchip\xc8\v2.50\pic\sources\c99\common\lwdiv.c
		___lwdiv       		CODE           	0119	0000	68

J:\Microchip\xc8\v2.50\pic\sources\c99\common\lwdiv.c estimated size: 68

shared
		__initialization		CODE           	0011	0000	22

shared estimated size: 22

J:\Microchip\xc8\v2.50\pic\sources\c99\common\lwmod.c
		___lwmod       		CODE           	015D	0000	58

J:\Microchip\xc8\v2.50\pic\sources\c99\common\lwmod.c estimated size: 58

main.c
		_sev_seg       		CODE           	00BE	0000	91
		_main          		CODE           	002B	0000	147

main.c estimated size: 238

